ThisReference.java:13: (type.incompatible)
ThisReference.java:14: (type.incompatible)
ThisReference.java:19: (type.incompatible)
ThisReference.java:20: (type.incompatible)
ThisReference.java:26: (type.incompatible)
ThisReference.java:31: (type.incompatible)
ThisReference.java:41: (type.incompatible)
ThisReference.java:47: (type.incompatible)
ThisReference.java:53: (type.incompatible)
ThisReference.java:62: (type.incompatible)
ThisReference.java:63: (type.incompatible)
ThisReference.java:68: (type.incompatible)
ThisReference.java:69: (type.incompatible)
ThisReference.java:75: (type.incompatible)
